// Vitest Snapshot v1, https://vitest.dev/guide/snapshot.html

exports[`resetPasswordIntentions.cleanup > functionality > reset password intentions are removed 1`] = `
"Snapshot Diff:
- Before snapshot
+ After snapshot

@@ --- --- @@
- INSERT INTO public.\\"resetPasswordIntentions\\" VALUES ('35b6f29e-a6c7-49e5-8eb9-66110fa8096a', '2019-12-31 23:59:00', '037f1ef5-9e77-4d15-9b95-098b13e35f27');
- INSERT INTO public.\\"resetPasswordIntentions\\" VALUES ('35b6f29e-a6c7-49e5-8eb9-66110fa8096a', '2019-01-01 00:00:00', '6fbfb4ad-6ab4-4c65-8dbc-78714e6ffb8c');"
`;
