// Vitest Snapshot v1, https://vitest.dev/guide/snapshot.html

exports[`debts.acceptAllIntentions > functionality > debts are synced 1`] = `
{
  "added": {
    "debts": {
      "id:2ee764bb-d73e-4ac3-9edd-c93acc77fefb|ownerAccountId:49833966-c16f-4eb9-a0c0-318c6a73279f": {
        "amount": "472.9900",
        "createdAt": "2020-01-01T00:00:00.000Z",
        "currencyCode": "DOP",
        "id": "2ee764bb-d73e-4ac3-9edd-c93acc77fefb",
        "note": "Deserunt odit illum qui odit.",
        "ownerAccountId": "49833966-c16f-4eb9-a0c0-318c6a73279f",
        "receiptId": null,
        "timestamp": "2020-01-01T00:00:00.000Z",
        "updatedAt": "2020-01-01T00:00:00.000Z",
        "userId": "520cf00c-3d4b-439c-ba64-0afc88b455dd",
      },
      "id:72d7ec08-0e0e-417b-ab70-06dbab5c1f6a|ownerAccountId:49833966-c16f-4eb9-a0c0-318c6a73279f": {
        "amount": "353.8600",
        "createdAt": "2020-01-01T00:00:00.000Z",
        "currencyCode": "FJD",
        "id": "72d7ec08-0e0e-417b-ab70-06dbab5c1f6a",
        "note": "Eveniet repellendus nam quisquam tempora soluta ducimus minus.",
        "ownerAccountId": "49833966-c16f-4eb9-a0c0-318c6a73279f",
        "receiptId": "051e068b-a996-4014-842a-c9964f794711",
        "timestamp": "2020-01-01T00:00:00.000Z",
        "updatedAt": "2020-01-01T00:00:00.000Z",
        "userId": "520cf00c-3d4b-439c-ba64-0afc88b455dd",
      },
    },
  },
  "updated": {
    "debts": {
      "id:b225a43c-6f3d-47fd-99ff-2cf9650a5f02|ownerAccountId:49833966-c16f-4eb9-a0c0-318c6a73279f": {
        "amount": "-178.0100",
        "currencyCode": "EGP",
        "timestamp": "2020-04-01T00:00:00.000Z",
        "updatedAt": "2020-01-01T00:01:00.000Z",
      },
    },
  },
}
`;
