// Vitest Snapshot v1, https://vitest.dev/guide/snapshot.html

exports[`receiptItems.add > functionality > items are added 1`] = `
{
  "added": {
    "receiptItems": {
      "id:40c15d0a-667c-41d9-9a40-ca0dccd1be52": {
        "createdAt": "2020-01-01 00:00:00+00",
        "id": "40c15d0a-667c-41d9-9a40-ca0dccd1be52",
        "name": "dolor necessitatibus sunt",
        "price": "137.9600",
        "quantity": "59.0000",
        "receiptId": "a84cc0f4-0768-4f2a-9e62-e3f3035b557c",
        "updatedAt": "2020-01-01 00:00:00+00",
      },
      "id:93586693-ad80-4272-a54b-45c49d31aece": {
        "createdAt": "2020-01-01 00:00:00+00",
        "id": "93586693-ad80-4272-a54b-45c49d31aece",
        "name": "praesentium dignissimos qui",
        "price": "476.2200",
        "quantity": "4.0000",
        "receiptId": "5183f7b7-880a-4d64-af40-4fc8b8f41427",
        "updatedAt": "2020-01-01 00:00:00+00",
      },
      "id:a8ce2bf9-91af-4919-8687-d4c4432f3142": {
        "createdAt": "2020-01-01 00:00:00+00",
        "id": "a8ce2bf9-91af-4919-8687-d4c4432f3142",
        "name": "libero fugit consequuntur",
        "price": "852.6300",
        "quantity": "42.0000",
        "receiptId": "a84cc0f4-0768-4f2a-9e62-e3f3035b557c",
        "updatedAt": "2020-01-01 00:00:00+00",
      },
    },
  },
}
`;

exports[`receiptItems.add > input verification > mixed success and fail 1`] = `
{
  "added": {
    "receiptItems": {
      "id:bb9c6125-1c9a-40c3-bb1f-7e6c4e870372": {
        "createdAt": "2020-01-01 00:00:00+00",
        "id": "bb9c6125-1c9a-40c3-bb1f-7e6c4e870372",
        "name": "delectus eveniet sed",
        "price": "566.6300",
        "quantity": "30.0000",
        "receiptId": "8de070d3-b416-4c09-9fa4-81f293c86ae0",
        "updatedAt": "2020-01-01 00:00:00+00",
      },
    },
  },
}
`;
