// Vitest Snapshot v1, https://vitest.dev/guide/snapshot.html

exports[`auth.confirmEmail > functionality > account confirmed 1`] = `
{
  "updated": {
    "accounts": {
      "id:0e58efec-192a-4235-979f-90e9cc0e2035": {
        "confirmationToken": null,
        "confirmationTokenTimestamp": null,
        "updatedAt": 2020-01-01T00:01:00.000Z,
      },
    },
  },
}
`;
