// Vitest Snapshot v1, https://vitest.dev/guide/snapshot.html

exports[`auth.login > functionality > login successful 1`] = `
{
  "added": {
    "sessions": {
      "sessionId:3542ce12-ec35-4f26-b536-1a9adfed13bc": {
        "accountId": "a6ffa077-eaca-4387-be3d-f7689434be4f",
        "createdAt": "2020-01-01 00:00:00+00",
        "expirationTimestamp": "2020-01-31 00:00:00+00",
        "sessionId": "3542ce12-ec35-4f26-b536-1a9adfed13bc",
      },
    },
  },
}
`;
