// Vitest Snapshot v1, https://vitest.dev/guide/snapshot.html

exports[`auth.voidAccount > functionality > account voided 1`] = `
{
  "deleted": {
    "accounts": {
      "id:22e89cb5-1cc7-442c-946a-c3bd980ae298": undefined,
    },
    "sessions": {
      "sessionId:b037d56f-5112-45a9-933d-366dbd0d0165": undefined,
    },
    "users": {
      "id:22e89cb5-1cc7-442c-946a-c3bd980ae298": undefined,
    },
  },
}
`;
