// Vitest Snapshot v1, https://vitest.dev/guide/snapshot.html

exports[`auth.login > functionality > login successful 1`] = `
"Snapshot Diff:
- Before snapshot
+ After snapshot

@@ --- --- @@
+ INSERT INTO public.sessions VALUES ('39369cc3-eba9-48b9-82f2-c65cc9adbac4', 'ad0ab45a-e4c6-4051-b41f-2eeb2c98a1e3', '2020-01-31 00:00:00');"
`;
