// Vitest Snapshot v1, https://vitest.dev/guide/snapshot.html

exports[`peers.remove > functionality > peer is removed 1`] = `
{
  "deleted": {
    "debts": {
      "id:d1c71a64-c72f-4cee-89fb-3b9f9d7bb5a8|ownerUserId:6bd22676-fdd0-4afd-bdd7-a9150fcf481c": undefined,
    },
    "peers": {
      "id:7eb32614-62eb-497d-9121-9451b2f4ab7d": undefined,
    },
    "receiptItemConsumers": {
      "itemId:37d6f55f-296f-48f8-80fc-b82a2df4d483|peerId:7eb32614-62eb-497d-9121-9451b2f4ab7d": undefined,
    },
    "receiptParticipants": {
      "receiptId:5b22d8ec-2f1b-4ad4-b391-e9d8ccd88b5b|peerId:7eb32614-62eb-497d-9121-9451b2f4ab7d": undefined,
    },
  },
}
`;
