// Vitest Snapshot v1, https://vitest.dev/guide/snapshot.html

exports[`debtIntentions.accept > functionality > debt did not exist on our account beforehand 1`] = `
{
  "added": {
    "debts": {
      "id:96bf9c27-198e-418f-be49-8ef9c6946592|ownerAccountId:ac99ee4b-9080-4ced-a8a0-444f173ef623": {
        "amount": "470.9100",
        "createdAt": "2020-01-01 00:00:00+00",
        "currencyCode": "GMD",
        "id": "96bf9c27-198e-418f-be49-8ef9c6946592",
        "note": "Carpo earum xiphias vitium.",
        "ownerAccountId": "ac99ee4b-9080-4ced-a8a0-444f173ef623",
        "receiptId": "288a1bc7-c6ef-4d35-81f4-55bc8c93e0aa",
        "timestamp": "2020-01-01",
        "updatedAt": "2020-01-01 00:00:00+00",
        "userId": "24b84697-f90f-4add-9643-086c1aec6193",
      },
    },
  },
}
`;

exports[`debtIntentions.accept > functionality > debt existed on our account beforehand - our updatedAt ahead 1`] = `
{
  "updated": {
    "debts": {
      "id:8809ceb6-73e4-4ee0-9dc8-3fcc4e64865a|ownerAccountId:4bba98a1-6f92-48a9-a3c2-3bfdc9d8ed1b": {
        "amount": "315.7100",
        "currencyCode": "HUF",
        "timestamp": "2020-04-01",
        "updatedAt": "2020-01-01 00:02:00+00",
      },
    },
  },
}
`;

exports[`debtIntentions.accept > functionality > debt existed on our account beforehand - their updatedAt ahead 1`] = `
{
  "updated": {
    "debts": {
      "id:bad54f6a-aca7-4dbf-bee5-68efd4e4fdd8|ownerAccountId:7b1ff11a-6b5d-4bae-a328-2631994177cd": {
        "amount": "-623.4000",
        "currencyCode": "SSP",
        "timestamp": "2020-04-01",
        "updatedAt": "2020-01-01 00:01:00+00",
      },
    },
  },
}
`;

exports[`debtIntentions.accept > functionality > multiple different debts with multiple users 1`] = `
{
  "added": {
    "debts": {
      "id:2e73f758-214e-48d0-b60a-f9de62904fc9|ownerAccountId:051a3473-2ea1-4abf-87fe-dbaced6071a5": {
        "amount": "-148.2500",
        "createdAt": "2020-01-01 00:00:00+00",
        "currencyCode": "LAK",
        "id": "2e73f758-214e-48d0-b60a-f9de62904fc9",
        "note": "Solitudo aegrus quos tabula vomer deprimo vilitas vespillo tubineus studio.",
        "ownerAccountId": "051a3473-2ea1-4abf-87fe-dbaced6071a5",
        "receiptId": null,
        "timestamp": "2020-01-01",
        "updatedAt": "2020-01-01 00:00:00+00",
        "userId": "be9cea7b-2700-412e-a183-01ad9211a074",
      },
    },
  },
  "updated": {
    "debts": {
      "id:5ff7439e-ad55-4ed3-ac55-adef2787c71b|ownerAccountId:051a3473-2ea1-4abf-87fe-dbaced6071a5": {
        "amount": "936.8100",
        "currencyCode": "GYD",
        "timestamp": "2020-04-01",
        "updatedAt": "2020-01-01 00:02:00+00",
      },
      "id:935382db-3c53-4128-afcb-f49283b2ba20|ownerAccountId:051a3473-2ea1-4abf-87fe-dbaced6071a5": {
        "amount": "243.6500",
        "currencyCode": "AED",
        "timestamp": "2020-04-01",
        "updatedAt": "2020-01-01 00:01:00+00",
      },
    },
  },
}
`;

exports[`debtIntentions.accept > input verification > mixed success and fail 1`] = `
{
  "added": {
    "debts": {
      "id:62b0c6d3-e86a-4bf4-a3a0-fb68601eeaeb|ownerAccountId:1d263b1a-801e-44e4-a018-32c2cbc9f60e": {
        "amount": "-981.5400",
        "createdAt": "2020-01-01 00:00:00+00",
        "currencyCode": "BAM",
        "id": "62b0c6d3-e86a-4bf4-a3a0-fb68601eeaeb",
        "note": "Cresco temperantia asporto.",
        "ownerAccountId": "1d263b1a-801e-44e4-a018-32c2cbc9f60e",
        "receiptId": "e6ada951-0179-4108-b2be-222cbc95533e",
        "timestamp": "2020-01-01",
        "updatedAt": "2020-01-01 00:00:00+00",
        "userId": "c7cab743-27b6-49ee-a52a-d0a9e3dfa5b3",
      },
    },
  },
}
`;
