// Vitest Snapshot v1, https://vitest.dev/guide/snapshot.html

exports[`receipts.add > functionality > receipt is added - with users 1`] = `
{
  "added": {
    "receiptParticipants": {
      "receiptId:23345cd5-9763-4f6c-950c-0d92511f1e71|userId:19dc7ddc-bbdb-4896-bd92-2deed2136929": {
        "added": "2020-01-01T00:00:00.000Z",
        "receiptId": "23345cd5-9763-4f6c-950c-0d92511f1e71",
        "resolved": false,
        "role": "owner",
        "userId": "19dc7ddc-bbdb-4896-bd92-2deed2136929",
      },
      "receiptId:23345cd5-9763-4f6c-950c-0d92511f1e71|userId:be70a9a6-7d78-45ed-ba31-8b5daefdb497": {
        "added": "2020-01-01T00:00:00.000Z",
        "receiptId": "23345cd5-9763-4f6c-950c-0d92511f1e71",
        "resolved": false,
        "role": "editor",
        "userId": "be70a9a6-7d78-45ed-ba31-8b5daefdb497",
      },
    },
    "receipts": {
      "id:23345cd5-9763-4f6c-950c-0d92511f1e71": {
        "created": "2020-01-01T00:00:00.000Z",
        "currencyCode": "SGD",
        "id": "23345cd5-9763-4f6c-950c-0d92511f1e71",
        "issued": "2020-01-01T00:00:00.000Z",
        "lockedTimestamp": null,
        "name": "consequatur illo eius",
        "ownerAccountId": "19dc7ddc-bbdb-4896-bd92-2deed2136929",
      },
    },
  },
}
`;

exports[`receipts.add > functionality > receipt is added 1`] = `
{
  "added": {
    "receipts": {
      "id:2d658309-93f9-4fee-bd0f-a1abdb942283": {
        "created": "2020-01-01T00:00:00.000Z",
        "currencyCode": "GNF",
        "id": "2d658309-93f9-4fee-bd0f-a1abdb942283",
        "issued": "2020-01-01T00:00:00.000Z",
        "lockedTimestamp": null,
        "name": "commodi vitae error",
        "ownerAccountId": "ba8bebfc-741c-49a8-b07f-2a80c4e34146",
      },
    },
  },
}
`;
