// Vitest Snapshot v1, https://vitest.dev/guide/snapshot.html

exports[`debts.add > functionality > auto-accepted by the counterparty > counterparty's debt did exist before - picked by receipt id & owner account id 1`] = `
{
  "added": {
    "debts": {
      "id:35bb1455-b8ca-4d6d-ba56-308eac4324b9|ownerAccountId:fb0eb5b6-cded-4b5c-88e3-d59a6ab3a8b3": {
        "amount": "728.7300",
        "created": "2020-01-01T00:00:00.000Z",
        "currencyCode": "XAF",
        "id": "35bb1455-b8ca-4d6d-ba56-308eac4324b9",
        "lockedTimestamp": "2020-01-01T00:00:00.000Z",
        "note": "facere ratione ex",
        "ownerAccountId": "fb0eb5b6-cded-4b5c-88e3-d59a6ab3a8b3",
        "receiptId": "0635be98-a6b6-43a7-9ca3-6040268d4d50",
        "timestamp": "2020-01-01T00:00:00.000Z",
        "userId": "2369ad67-daa7-49d4-ae45-6d934b6f05dc",
      },
    },
  },
  "updated": {
    "debts": {
      "id:35bb1455-b8ca-4d6d-ba56-308eac4324b9|ownerAccountId:4d438a86-07a3-4aa7-8891-0ce85b8b4d99": {
        "amount": "-728.7300",
        "currencyCode": "XAF",
        "lockedTimestamp": "2020-01-01T00:00:00.000Z",
      },
    },
  },
}
`;

exports[`debts.add > functionality > auto-accepted by the counterparty > counterparty's debt didn't exist before 1`] = `
{
  "added": {
    "debts": {
      "id:cbf1eae9-e256-4e70-9dcd-0f00d54812c7|ownerAccountId:7ebc4d99-cd07-4ece-9c4c-2ea67aaa8784": {
        "amount": "23.3400",
        "created": "2020-01-01T00:00:00.000Z",
        "currencyCode": "BND",
        "id": "cbf1eae9-e256-4e70-9dcd-0f00d54812c7",
        "lockedTimestamp": "2020-01-01T00:00:00.000Z",
        "note": "voluptate unde mollitia",
        "ownerAccountId": "7ebc4d99-cd07-4ece-9c4c-2ea67aaa8784",
        "receiptId": "65e321a1-ee4b-432e-ae4b-27c8f867c81b",
        "timestamp": "2020-01-01T00:00:00.000Z",
        "userId": "c007da31-42d2-4a5b-af2b-66ae582e96c4",
      },
      "id:cbf1eae9-e256-4e70-9dcd-0f00d54812c7|ownerAccountId:a078d07c-73dd-4db8-8d1f-4c7ae7a017f9": {
        "amount": "-23.3400",
        "created": "2020-01-01T00:00:00.000Z",
        "currencyCode": "BND",
        "id": "cbf1eae9-e256-4e70-9dcd-0f00d54812c7",
        "lockedTimestamp": "2020-01-01T00:00:00.000Z",
        "note": "voluptate unde mollitia",
        "ownerAccountId": "a078d07c-73dd-4db8-8d1f-4c7ae7a017f9",
        "receiptId": "65e321a1-ee4b-432e-ae4b-27c8f867c81b",
        "timestamp": "2020-01-01T00:00:00.000Z",
        "userId": "b3cc019d-5200-4802-912f-4f0bcf39124b",
      },
    },
  },
}
`;

exports[`debts.add > functionality > debt is added - autogenerated timestamp 1`] = `
{
  "added": {
    "debts": {
      "id:3822d983-4931-4cdd-84b2-e56572e673de|ownerAccountId:978a586b-2e6f-4b46-902a-27b7e7256a8e": {
        "amount": "935.7300",
        "created": "2020-01-01T00:00:00.000Z",
        "currencyCode": "SYP",
        "id": "3822d983-4931-4cdd-84b2-e56572e673de",
        "lockedTimestamp": "2020-01-01T00:00:00.000Z",
        "note": "quaerat numquam nesciunt",
        "ownerAccountId": "978a586b-2e6f-4b46-902a-27b7e7256a8e",
        "receiptId": null,
        "timestamp": "2020-01-01T00:00:00.000Z",
        "userId": "bfef6080-fcdc-4510-b87b-f2c9e8f66494",
      },
    },
  },
}
`;

exports[`debts.add > functionality > debt is added - user-provided timestamp 1`] = `
{
  "added": {
    "debts": {
      "id:5bd149f9-691d-43ee-961f-24c72f0417ed|ownerAccountId:30ccee93-5420-4e8c-8d2b-615f9ef7e6f2": {
        "amount": "282.9100",
        "created": "2020-01-01T00:00:00.000Z",
        "currencyCode": "LBP",
        "id": "5bd149f9-691d-43ee-961f-24c72f0417ed",
        "lockedTimestamp": "2020-01-01T00:00:00.000Z",
        "note": "cum hic fugiat",
        "ownerAccountId": "30ccee93-5420-4e8c-8d2b-615f9ef7e6f2",
        "receiptId": null,
        "timestamp": "2021-01-01T00:00:00.000Z",
        "userId": "e9df21fd-d28b-46b7-a610-53eba21fef39",
      },
    },
  },
}
`;
