// Vitest Snapshot v1, https://vitest.dev/guide/snapshot.html

exports[`currency.rates > functionality > top receipt currencies returned 1`] = `
[
  {
    "count": "2",
    "currencyCode": "GEL",
  },
  {
    "count": "1",
    "currencyCode": "AMD",
  },
  {
    "count": "1",
    "currencyCode": "USD",
  },
]
`;
