// Vitest Snapshot v1, https://vitest.dev/guide/snapshot.html

exports[`accountConnectionIntentions.reject > functionality > account connection intention is rejected 1`] = `
"Snapshot Diff:
- Before snapshot
+ After snapshot

@@ --- --- @@
- INSERT INTO public.\\"accountConnectionsIntentions\\" VALUES ('6e62c154-7eb7-437c-9587-d4e05aa5c925', 'fea5e878-7327-4b92-b231-e4dd0b3589d8', 'ebaa8034-4e55-4235-884c-e715d8845964', '2020-01-01 00:00:00');"
`;
