// Vitest Snapshot v1, https://vitest.dev/guide/snapshot.html

exports[`accountSettings.get > functionality > settings found - changed 1`] = `
{
  "autoAcceptDebts": true,
}
`;

exports[`accountSettings.get > functionality > settings found - default 1`] = `
{
  "autoAcceptDebts": false,
}
`;

exports[`accountSettings.get > functionality > settings not found - default returned 1`] = `
{
  "autoAcceptDebts": false,
}
`;
