// Vitest Snapshot v1, https://vitest.dev/guide/snapshot.html

exports[`users.remove > functionality > user is removed 1`] = `
{
  "deleted": {
    "accountConnectionsIntentions": {
      "accountId:411b3a7a-a9ca-4e57-b3a2-3e31b87e7935|targetAccountId:214383fc-f26c-4a01-b087-0a9cc15afe1a": undefined,
    },
    "debts": {
      "id:d740dbc7-5c4c-44f5-afed-dbfe319dbecc|ownerAccountId:411b3a7a-a9ca-4e57-b3a2-3e31b87e7935": undefined,
    },
    "receiptItemConsumers": {
      "itemId:f6bf4d2c-4b3c-4e5f-b88c-52d4f11a263c|userId:5c2ba556-ad44-4f74-84bc-f4c1e30f794f": undefined,
    },
    "receiptParticipants": {
      "receiptId:da6f35f4-66aa-4573-8d7d-cbe979bf5f8a|userId:5c2ba556-ad44-4f74-84bc-f4c1e30f794f": undefined,
    },
    "users": {
      "id:5c2ba556-ad44-4f74-84bc-f4c1e30f794f": undefined,
    },
  },
  "updated": {},
}
`;
