// Vitest Snapshot v1, https://vitest.dev/guide/snapshot.html

exports[`users.remove > functionality > user is removed 1`] = `
{
  "deleted": {
    "accountConnectionsIntentions": {
      "accountId:67b3cc78-fe50-41ba-883e-a9fc9803058c|targetAccountId:38beadfc-ab98-48cc-a18a-f76577d55b4b": undefined,
    },
    "debts": {
      "id:28d9f5bc-d510-49ef-a19b-5ac7bd3a2315|ownerAccountId:67b3cc78-fe50-41ba-883e-a9fc9803058c": undefined,
    },
    "itemParticipants": {
      "itemId:67c5619b-e07c-4906-b64b-645016fb6692|userId:fdcb634c-87ad-4c72-8be9-d4c85c60907e": undefined,
    },
    "receiptParticipants": {
      "receiptId:18ffb6ec-b75d-42f5-b460-4f63d202b401|userId:fdcb634c-87ad-4c72-8be9-d4c85c60907e": undefined,
      "receiptId:41330bce-1d2b-4a80-b006-3068f8faee0d|userId:fdcb634c-87ad-4c72-8be9-d4c85c60907e": undefined,
    },
    "users": {
      "id:fdcb634c-87ad-4c72-8be9-d4c85c60907e": undefined,
    },
  },
  "updated": {
    "receipts": {
      "id:41330bce-1d2b-4a80-b006-3068f8faee0d": {
        "lockedTimestamp": null,
      },
    },
  },
}
`;
