// Vitest Snapshot v1, https://vitest.dev/guide/snapshot.html

exports[`users.unlink > functionality > account is unlinked from a user 1`] = `
{
  "updated": {
    "users": {
      "id:2c3bc2c4-5684-4f5f-a3c4-987eba945aee": {
        "connectedAccountId": null,
        "updatedAt": "2020-01-01 00:01:00+00",
      },
      "id:cc11f089-b1bd-49ee-a8f5-2eb9547041bc": {
        "connectedAccountId": null,
        "updatedAt": "2020-01-01 00:01:00+00",
      },
    },
  },
}
`;
