// Vitest Snapshot v1, https://vitest.dev/guide/snapshot.html

exports[`receiptParticipants.remove > functionality > peer is removed 1`] = `
{
  "deleted": {
    "receiptItemConsumers": {
      "itemId:58246411-1bfd-4075-a4f1-4a721d944c34|peerId:7f5d0ce6-1128-4468-ad73-b960fffba8f1": undefined,
    },
    "receiptParticipants": {
      "receiptId:1a4bafb0-6f11-43e5-9558-8be00dc9b190|peerId:7f5d0ce6-1128-4468-ad73-b960fffba8f1": undefined,
    },
  },
}
`;
