// Vitest Snapshot v1, https://vitest.dev/guide/snapshot.html

exports[`receiptParticipants.update > functionality > update role > for another user 1`] = `
{
  "updated": {
    "receiptParticipants": {
      "receiptId:e612691a-267e-4426-8aba-fa578d947c4d|userId:9a0f03b6-1495-4e4a-a66e-4bf7193a5a15": {
        "role": "viewer",
        "updatedAt": "2020-01-01 00:01:00+00",
      },
    },
  },
}
`;
