// Vitest Snapshot v1, https://vitest.dev/guide/snapshot.html

exports[`resetPasswordIntentions.cleanup > functionality > reset password intentions are removed 1`] = `
{
  "deleted": {
    "resetPasswordIntentions": {
      "accountId:3698afb6-7404-4907-95e8-cdd43925dec1|token:153839c8-3f02-44b3-8e90-e90ac4b18d93": undefined,
      "accountId:3698afb6-7404-4907-95e8-cdd43925dec1|token:bc48c163-c0ad-4f51-8b39-df9d93d70a8b": undefined,
    },
  },
}
`;
