// Vitest Snapshot v1, https://vitest.dev/guide/snapshot.html

exports[`receiptItemConsumers.remove > functionality > peer does not consume item anymore 1`] = `
{
  "deleted": {
    "receiptItemConsumers": {
      "itemId:149a13e7-72e0-4904-9820-1361722ca05e|peerId:0ef069cb-d021-486e-9fc7-9ced5f5c6730": undefined,
    },
  },
}
`;
