// Vitest Snapshot v1, https://vitest.dev/guide/snapshot.html

exports[`receiptItemConsumers.remove > functionality > user does not consume item anymore 1`] = `
{
  "deleted": {
    "receiptItemConsumers": {
      "itemId:70fdd3c3-d115-44f8-a137-2d36203ae6ba|userId:9c75af77-802a-4fc6-becf-f9a347d963d9": undefined,
    },
  },
}
`;
