// Vitest Snapshot v1, https://vitest.dev/guide/snapshot.html

exports[`receiptTransferIntentions.accept > functionality > transfer intention is accepted 1`] = `
{
  "updated": {
    "receipts": {
      "id:ddc006a9-a367-4504-8a20-e8effed1f2ea": {
        "ownerAccountId": "3e03e85b-ec0a-49ea-96de-3354f0b43d21",
        "transferIntentionAccountId": null,
      },
    },
  },
}
`;
