// Vitest Snapshot v1, https://vitest.dev/guide/snapshot.html

exports[`account.changeName > functionality > name changes 1`] = `
"Snapshot Diff:
- Before snapshot
+ After snapshot

@@ --- --- @@
- INSERT INTO public.users VALUES ('2d381fdb-4997-4c13-b13b-d63876901ef0', 'Orlando', NULL, '2d381fdb-4997-4c13-b13b-d63876901ef0', false, false, '2d381fdb-4997-4c13-b13b-d63876901ef0');
+ INSERT INTO public.users VALUES ('2d381fdb-4997-4c13-b13b-d63876901ef0', 'Makayla', NULL, '2d381fdb-4997-4c13-b13b-d63876901ef0', false, false, '2d381fdb-4997-4c13-b13b-d63876901ef0');"
`;
