// Jest Snapshot v1, https://goo.gl/fbAQLP

exports[`account.changeName functionality name changes 1`] = `
"Snapshot Diff:
- Before snapshot
+ After snapshot

@@ --- --- @@
- INSERT INTO public.users VALUES ('d4d29a06-2f7a-43c8-b01d-862ab1a29ea3', 'Barton', NULL, 'd4d29a06-2f7a-43c8-b01d-862ab1a29ea3', false, false, 'd4d29a06-2f7a-43c8-b01d-862ab1a29ea3');
+ INSERT INTO public.users VALUES ('d4d29a06-2f7a-43c8-b01d-862ab1a29ea3', 'Alden', NULL, 'd4d29a06-2f7a-43c8-b01d-862ab1a29ea3', false, false, 'd4d29a06-2f7a-43c8-b01d-862ab1a29ea3');"
`;
