// Vitest Snapshot v1, https://vitest.dev/guide/snapshot.html

exports[`account.logout > functionality > session is removed 1`] = `
"Snapshot Diff:
- Before snapshot
+ After snapshot

@@ --- --- @@
- INSERT INTO public.sessions VALUES ('e82f6e4a-1695-4750-8156-13d11de6a040', 'a70b9d3d-7c2c-4a66-aa22-d88dd27fbf01', '2020-12-31 00:00:00');"
`;
