// Jest Snapshot v1, https://goo.gl/fbAQLP

exports[`account.logout functionality session is removed 1`] = `
"Snapshot Diff:
- Before snapshot
+ After snapshot

@@ --- --- @@
- INSERT INTO public.sessions VALUES ('1f7390e3-1154-4937-ae29-6f94c6dc9366', '1268d6af-1379-4bb7-a959-30a29160dcbe', '2020-12-31 00:00:00');"
`;
