// Vitest Snapshot v1, https://vitest.dev/guide/snapshot.html

exports[`account.logout > functionality > session is removed 1`] = `
"Snapshot Diff:
- Before snapshot
+ After snapshot

@@ --- --- @@
- INSERT INTO public.sessions VALUES ('ae86e650-1641-40c7-b38d-fb4772238733', 'a07ad5ee-6fb9-41e7-b0e8-486b876e36ae', '2020-12-31 00:00:00');"
`;
