// Vitest Snapshot v1, https://vitest.dev/guide/snapshot.html

exports[`accountConnectionIntentions.reject > functionality > account connection intention is rejected 1`] = `
{
  "deleted": {
    "accountConnectionsIntentions": {
      "accountId:a16a3e69-f8a8-4d9a-ae8c-5c00efeef293|targetAccountId:72e7fcdd-9dab-4b2b-a774-ae6725f76165": undefined,
    },
  },
}
`;
