// Vitest Snapshot v1, https://vitest.dev/guide/snapshot.html

exports[`accountConnectionIntentions.reject > functionality > account connection intention is rejected 1`] = `
{
  "updated": {
    "users": {
      "id:4a48f0ea-3639-4777-b228-b4c82d4bb91a": {
        "connectedAccountId": null,
        "updatedAt": "2020-01-01 00:01:00+00",
      },
    },
  },
}
`;
