// Vitest Snapshot v1, https://vitest.dev/guide/snapshot.html

exports[`accountConnectionIntentions.reject > functionality > account connection intention is rejected 1`] = `
{
  "updated": {
    "users": {
      "id:5bbdf339-89cc-41f2-a537-0e40dd921a23": {
        "connectedAccountId": null,
        "updatedAt": "2020-01-01 00:02:00+00",
      },
    },
  },
}
`;
