// Vitest Snapshot v1, https://vitest.dev/guide/snapshot.html

exports[`accountConnectionIntentions.remove > functionality > account connection intention is removed 1`] = `
{
  "deleted": {
    "accountConnectionsIntentions": {
      "accountId:bb1fc619-2cf1-4501-afee-242ac49a0db8|targetAccountId:73bd681b-844d-4c94-ac9c-40ddb798633d": undefined,
    },
  },
}
`;
