// Vitest Snapshot v1, https://vitest.dev/guide/snapshot.html

exports[`accountConnectionIntentions.remove > functionality > account connection intention is removed 1`] = `
{
  "updated": {
    "users": {
      "id:5d31ae04-8dee-4412-891d-da6b70f41666": {
        "connectedAccountId": null,
        "updatedAt": "2020-01-01 00:02:00+00",
      },
    },
  },
}
`;
