// Vitest Snapshot v1, https://vitest.dev/guide/snapshot.html

exports[`accountConnectionIntentions.remove > functionality > account connection intention is removed 1`] = `
{
  "updated": {
    "users": {
      "id:d5cd70e8-ec45-4adb-b7a8-dfd5b3dca5e4": {
        "connectedAccountId": null,
        "updatedAt": "2020-01-01 00:01:00+00",
      },
    },
  },
}
`;
